src/forms/manage-restaurant-form/DetailsSection.tsx(17,21): error TS6133: 'field' is declared but its value is never read.
src/forms/manage-restaurant-form/ManageRestaurantForm.tsx(13,46): error TS6198: All destructured elements are unused.
src/forms/manage-restaurant-form/ManageRestaurantForm.tsx(15,9): error TS2322: Type 'Resolver<{ restauranteName: string; city: string; country: string; deliveryPRice: unknown; estimatedDeliveryTime: unknown; cuisines: string[]; menuItems: { name: string; price: unknown; }[]; imageFile: File; }, any, { restauranteName: string; ... 6 more ...; imageFile: File; }>' is not assignable to type 'Resolver<{ restauranteName: string; city: string; country: string; deliveryPRice: number; estimatedDeliveryTime: number; cuisines: string[]; menuItems: { name: string; price: number; }[]; imageFile: File; }, any, { ...; }>'.
  Types of parameters 'options' and 'options' are incompatible.
    Type 'ResolverOptions<{ restauranteName: string; city: string; country: string; deliveryPRice: number; estimatedDeliveryTime: number; cuisines: string[]; menuItems: { name: string; price: number; }[]; imageFile: File; }>' is not assignable to type 'ResolverOptions<{ restauranteName: string; city: string; country: string; deliveryPRice: unknown; estimatedDeliveryTime: unknown; cuisines: string[]; menuItems: { name: string; price: unknown; }[]; imageFile: File; }>'.
      Types of property 'names' are incompatible.
        Type 'string[] | undefined' is not assignable to type '("country" | "city" | "restauranteName" | "deliveryPRice" | "estimatedDeliveryTime" | "cuisines" | "menuItems" | "imageFile")[] | undefined'.
          Type 'string[]' is not assignable to type '("country" | "city" | "restauranteName" | "deliveryPRice" | "estimatedDeliveryTime" | "cuisines" | "menuItems" | "imageFile")[]'.
            Type 'string' is not assignable to type '"country" | "city" | "restauranteName" | "deliveryPRice" | "estimatedDeliveryTime" | "cuisines" | "menuItems" | "imageFile"'.
src/forms/manage-restaurant-form/ManageRestaurantForm.tsx(27,47): error TS2345: Argument of type '(formData: restaurantFormData) => void' is not assignable to parameter of type 'SubmitHandler<TFieldValues>'.
  Types of parameters 'formData' and 'data' are incompatible.
    Type 'TFieldValues' is not assignable to type '{ restauranteName: string; city: string; country: string; deliveryPRice: number; estimatedDeliveryTime: number; cuisines: string[]; menuItems: { name: string; price: number; }[]; imageFile: File; }'.
      Type 'FieldValues' is missing the following properties from type '{ restauranteName: string; city: string; country: string; deliveryPRice: number; estimatedDeliveryTime: number; cuisines: string[]; menuItems: { name: string; price: number; }[]; imageFile: File; }': restauranteName, city, country, deliveryPRice, and 4 more.
src/forms/manage-restaurant-form/RestaurantFormSchema.ts(5,5): error TS2769: No overload matches this call.
  Overload 1 of 2, '(params?: string | { error?: string | $ZodErrorMap<$ZodIssueInvalidType<unknown>> | undefined; message?: string | undefined; } | undefined): ZodString', gave the following error.
    Object literal may only specify known properties, and 'required_error' does not exist in type '{ error?: string | $ZodErrorMap<$ZodIssueInvalidType<unknown>> | undefined; message?: string | undefined; }'.
  Overload 2 of 2, '(params?: string | { error?: string | $ZodErrorMap<$ZodIssueInvalidType<unknown>> | undefined; message?: string | undefined; } | undefined): $ZodType<...>', gave the following error.
    Object literal may only specify known properties, and 'required_error' does not exist in type '{ error?: string | $ZodErrorMap<$ZodIssueInvalidType<unknown>> | undefined; message?: string | undefined; }'.
src/forms/manage-restaurant-form/RestaurantFormSchema.ts(8,5): error TS2769: No overload matches this call.
  Overload 1 of 2, '(params?: string | { error?: string | $ZodErrorMap<$ZodIssueInvalidType<unknown>> | undefined; message?: string | undefined; } | undefined): ZodString', gave the following error.
    Object literal may only specify known properties, and 'required_error' does not exist in type '{ error?: string | $ZodErrorMap<$ZodIssueInvalidType<unknown>> | undefined; message?: string | undefined; }'.
  Overload 2 of 2, '(params?: string | { error?: string | $ZodErrorMap<$ZodIssueInvalidType<unknown>> | undefined; message?: string | undefined; } | undefined): $ZodType<...>', gave the following error.
    Object literal may only specify known properties, and 'required_error' does not exist in type '{ error?: string | $ZodErrorMap<$ZodIssueInvalidType<unknown>> | undefined; message?: string | undefined; }'.
src/forms/manage-restaurant-form/RestaurantFormSchema.ts(11,5): error TS2769: No overload matches this call.
  Overload 1 of 2, '(params?: string | { error?: string | $ZodErrorMap<$ZodIssueInvalidType<unknown>> | undefined; message?: string | undefined; } | undefined): ZodString', gave the following error.
    Object literal may only specify known properties, and 'required_error' does not exist in type '{ error?: string | $ZodErrorMap<$ZodIssueInvalidType<unknown>> | undefined; message?: string | undefined; }'.
  Overload 2 of 2, '(params?: string | { error?: string | $ZodErrorMap<$ZodIssueInvalidType<unknown>> | undefined; message?: string | undefined; } | undefined): $ZodType<...>', gave the following error.
    Object literal may only specify known properties, and 'required_error' does not exist in type '{ error?: string | $ZodErrorMap<$ZodIssueInvalidType<unknown>> | undefined; message?: string | undefined; }'.
src/forms/manage-restaurant-form/RestaurantFormSchema.ts(14,5): error TS2353: Object literal may only specify known properties, and 'required_error' does not exist in type '{ error?: string | $ZodErrorMap<$ZodIssueInvalidType<unknown>> | undefined; message?: string | undefined; }'.
src/forms/manage-restaurant-form/RestaurantFormSchema.ts(18,5): error TS2353: Object literal may only specify known properties, and 'required_error' does not exist in type '{ error?: string | $ZodErrorMap<$ZodIssueInvalidType<unknown>> | undefined; message?: string | undefined; }'.
src/forms/manage-restaurant-form/RestaurantFormSchema.ts(27,19): error TS2769: No overload matches this call.
  Overload 1 of 2, '(params?: string | { error?: string | $ZodErrorMap<$ZodIssueInvalidType<unknown>> | undefined; message?: string | undefined; } | undefined): ZodString', gave the following error.
    Object literal may only specify known properties, and 'required_error' does not exist in type '{ error?: string | $ZodErrorMap<$ZodIssueInvalidType<unknown>> | undefined; message?: string | undefined; }'.
  Overload 2 of 2, '(params?: string | { error?: string | $ZodErrorMap<$ZodIssueInvalidType<unknown>> | undefined; message?: string | undefined; } | undefined): $ZodType<...>', gave the following error.
    Object literal may only specify known properties, and 'required_error' does not exist in type '{ error?: string | $ZodErrorMap<$ZodIssueInvalidType<unknown>> | undefined; message?: string | undefined; }'.
src/forms/manage-restaurant-form/RestaurantFormSchema.ts(30,9): error TS2353: Object literal may only specify known properties, and 'required_error' does not exist in type '{ error?: string | $ZodErrorMap<$ZodIssueInvalidType<unknown>> | undefined; message?: string | undefined; }'.
